Archive member included to satisfy reference by file (symbol)

D:/msys64/mingw64/bin/../lib/gcc/arm-none-eabi/13.3.0/../../../../arm-none-eabi/lib/thumb/v7-m/nofp\libc_nano.a(libc_a-atexit.o)
                              D:/msys64/mingw64/bin/../lib/gcc/arm-none-eabi/13.3.0/../../../../arm-none-eabi/lib/thumb/v7-m/nofp/crt0.o (atexit)
D:/msys64/mingw64/bin/../lib/gcc/arm-none-eabi/13.3.0/../../../../arm-none-eabi/lib/thumb/v7-m/nofp\libc_nano.a(libc_a-exit.o)
                              D:/msys64/mingw64/bin/../lib/gcc/arm-none-eabi/13.3.0/../../../../arm-none-eabi/lib/thumb/v7-m/nofp/crt0.o (exit)
D:/msys64/mingw64/bin/../lib/gcc/arm-none-eabi/13.3.0/../../../../arm-none-eabi/lib/thumb/v7-m/nofp\libc_nano.a(libc_a-findfp.o)
                              D:/msys64/mingw64/bin/../lib/gcc/arm-none-eabi/13.3.0/../../../../arm-none-eabi/lib/thumb/v7-m/nofp\libc_nano.a(libc_a-exit.o) (__stdio_exit_handler)
D:/msys64/mingw64/bin/../lib/gcc/arm-none-eabi/13.3.0/../../../../arm-none-eabi/lib/thumb/v7-m/nofp\libc_nano.a(libc_a-fwalk.o)
                              D:/msys64/mingw64/bin/../lib/gcc/arm-none-eabi/13.3.0/../../../../arm-none-eabi/lib/thumb/v7-m/nofp\libc_nano.a(libc_a-findfp.o) (_fwalk_sglue)
D:/msys64/mingw64/bin/../lib/gcc/arm-none-eabi/13.3.0/../../../../arm-none-eabi/lib/thumb/v7-m/nofp\libc_nano.a(libc_a-stdio.o)
                              D:/msys64/mingw64/bin/../lib/gcc/arm-none-eabi/13.3.0/../../../../arm-none-eabi/lib/thumb/v7-m/nofp\libc_nano.a(libc_a-findfp.o) (__sread)
D:/msys64/mingw64/bin/../lib/gcc/arm-none-eabi/13.3.0/../../../../arm-none-eabi/lib/thumb/v7-m/nofp\libc_nano.a(libc_a-memset.o)
                              D:/msys64/mingw64/bin/../lib/gcc/arm-none-eabi/13.3.0/../../../../arm-none-eabi/lib/thumb/v7-m/nofp/crt0.o (memset)
D:/msys64/mingw64/bin/../lib/gcc/arm-none-eabi/13.3.0/../../../../arm-none-eabi/lib/thumb/v7-m/nofp\libc_nano.a(libc_a-closer.o)
                              D:/msys64/mingw64/bin/../lib/gcc/arm-none-eabi/13.3.0/../../../../arm-none-eabi/lib/thumb/v7-m/nofp\libc_nano.a(libc_a-stdio.o) (_close_r)
D:/msys64/mingw64/bin/../lib/gcc/arm-none-eabi/13.3.0/../../../../arm-none-eabi/lib/thumb/v7-m/nofp\libc_nano.a(libc_a-reent.o)
                              D:/msys64/mingw64/bin/../lib/gcc/arm-none-eabi/13.3.0/../../../../arm-none-eabi/lib/thumb/v7-m/nofp\libc_nano.a(libc_a-closer.o) (errno)
D:/msys64/mingw64/bin/../lib/gcc/arm-none-eabi/13.3.0/../../../../arm-none-eabi/lib/thumb/v7-m/nofp\libc_nano.a(libc_a-impure.o)
                              D:/msys64/mingw64/bin/../lib/gcc/arm-none-eabi/13.3.0/../../../../arm-none-eabi/lib/thumb/v7-m/nofp\libc_nano.a(libc_a-reent.o) (_impure_ptr)
D:/msys64/mingw64/bin/../lib/gcc/arm-none-eabi/13.3.0/../../../../arm-none-eabi/lib/thumb/v7-m/nofp\libc_nano.a(libc_a-lseekr.o)
                              D:/msys64/mingw64/bin/../lib/gcc/arm-none-eabi/13.3.0/../../../../arm-none-eabi/lib/thumb/v7-m/nofp\libc_nano.a(libc_a-stdio.o) (_lseek_r)
D:/msys64/mingw64/bin/../lib/gcc/arm-none-eabi/13.3.0/../../../../arm-none-eabi/lib/thumb/v7-m/nofp\libc_nano.a(libc_a-readr.o)
                              D:/msys64/mingw64/bin/../lib/gcc/arm-none-eabi/13.3.0/../../../../arm-none-eabi/lib/thumb/v7-m/nofp\libc_nano.a(libc_a-stdio.o) (_read_r)
D:/msys64/mingw64/bin/../lib/gcc/arm-none-eabi/13.3.0/../../../../arm-none-eabi/lib/thumb/v7-m/nofp\libc_nano.a(libc_a-writer.o)
                              D:/msys64/mingw64/bin/../lib/gcc/arm-none-eabi/13.3.0/../../../../arm-none-eabi/lib/thumb/v7-m/nofp\libc_nano.a(libc_a-stdio.o) (_write_r)
D:/msys64/mingw64/bin/../lib/gcc/arm-none-eabi/13.3.0/../../../../arm-none-eabi/lib/thumb/v7-m/nofp\libc_nano.a(libc_a-init.o)
                              D:/msys64/mingw64/bin/../lib/gcc/arm-none-eabi/13.3.0/../../../../arm-none-eabi/lib/thumb/v7-m/nofp/crt0.o (__libc_init_array)
D:/msys64/mingw64/bin/../lib/gcc/arm-none-eabi/13.3.0/../../../../arm-none-eabi/lib/thumb/v7-m/nofp\libc_nano.a(libc_a-fini.o)
                              D:/msys64/mingw64/bin/../lib/gcc/arm-none-eabi/13.3.0/../../../../arm-none-eabi/lib/thumb/v7-m/nofp/crt0.o (__libc_fini_array)
D:/msys64/mingw64/bin/../lib/gcc/arm-none-eabi/13.3.0/../../../../arm-none-eabi/lib/thumb/v7-m/nofp\libc_nano.a(libc_a-lock.o)
                              D:/msys64/mingw64/bin/../lib/gcc/arm-none-eabi/13.3.0/../../../../arm-none-eabi/lib/thumb/v7-m/nofp\libc_nano.a(libc_a-findfp.o) (__retarget_lock_init_recursive)
D:/msys64/mingw64/bin/../lib/gcc/arm-none-eabi/13.3.0/../../../../arm-none-eabi/lib/thumb/v7-m/nofp\libc_nano.a(libc_a-__atexit.o)
                              D:/msys64/mingw64/bin/../lib/gcc/arm-none-eabi/13.3.0/../../../../arm-none-eabi/lib/thumb/v7-m/nofp\libc_nano.a(libc_a-atexit.o) (__register_exitproc)
D:/msys64/mingw64/bin/../lib/gcc/arm-none-eabi/13.3.0/../../../../arm-none-eabi/lib/thumb/v7-m/nofp\libc_nano.a(libc_a-__call_atexit.o)
[...]
Memory Configuration

Name             Origin             Length             Attributes
RAM              0x20000000         0x00005000         xrw
FLASH            0x08000000         0x00010000         xr
*default*        0x00000000         0xffffffff

Linker script and memory map

LOAD D:/msys64/mingw64/bin/../lib/gcc/arm-none-eabi/13.3.0/thumb/v7-m/nofp/crti.o
LOAD D:/msys64/mingw64/bin/../lib/gcc/arm-none-eabi/13.3.0/thumb/v7-m/nofp/crtbegin.o
LOAD D:/msys64/mingw64/bin/../lib/gcc/arm-none-eabi/13.3.0/../../../../arm-none-eabi/lib/thumb/v7-m/nofp/crt0.o
START GROUP
LOAD D:/msys64/mingw64/bin/../lib/gcc/arm-none-eabi/13.3.0/../../../../arm-none-eabi/lib/thumb/v7-m/nofp\libc_nano.a
LOAD D:/msys64/mingw64/bin/../lib/gcc/arm-none-eabi/13.3.0/../../../../arm-none-eabi/lib/thumb/v7-m/nofp\libm.a
END GROUP
LOAD cmake/stm32cubemx/CMakeFiles/STM32_Drivers.dir/__/__/Core/Src/system_stm32f1xx.c.obj
LOAD cmake/stm32cubemx/CMakeFiles/STM32_Drivers.dir/__/__/Drivers/STM32F1xx_HAL_Driver/Src/stm32f1xx_hal_gpio_ex.c.obj
LOAD cmake/stm32cubemx/CMakeFiles/STM32_Drivers.dir/__/__/Drivers/STM32F1xx_HAL_Driver/Src/stm32f1xx_hal.c.obj
LOAD cmake/stm32cubemx/CMakeFiles/STM32_Drivers.dir/__/__/Drivers/STM32F1xx_HAL_Driver/Src/stm32f1xx_hal_rcc.c.obj
LOAD cmake/stm32cubemx/CMakeFiles/STM32_Drivers.dir/__/__/Drivers/STM32F1xx_HAL_Driver/Src/stm32f1xx_hal_rcc_ex.c.obj
LOAD cmake/stm32cubemx/CMakeFiles/STM32_Drivers.dir/__/__/Drivers/STM32F1xx_HAL_Driver/Src/stm32f1xx_hal_gpio.c.obj
LOAD cmake/stm32cubemx/CMakeFiles/STM32_Drivers.dir/__/__/Drivers/STM32F1xx_HAL_Driver/Src/stm32f1xx_hal_dma.c.obj
LOAD cmake/stm32cubemx/CMakeFiles/STM32_Drivers.dir/__/__/Drivers/STM32F1xx_HAL_Driver/Src/stm32f1xx_hal_cortex.c.obj
LOAD cmake/stm32cubemx/CMakeFiles/STM32_Drivers.dir/__/__/Drivers/STM32F1xx_HAL_Driver/Src/stm32f1xx_hal_pwr.c.obj
LOAD cmake/stm32cubemx/CMakeFiles/STM32_Drivers.dir/__/__/Drivers/STM32F1xx_HAL_Driver/Src/stm32f1xx_hal_flash.c.obj
LOAD cmake/stm32cubemx/CMakeFiles/STM32_Drivers.dir/__/__/Drivers/STM32F1xx_HAL_Driver/Src/stm32f1xx_hal_flash_ex.c.obj
LOAD cmake/stm32cubemx/CMakeFiles/STM32_Drivers.dir/__/__/Drivers/STM32F1xx_HAL_Driver/Src/stm32f1xx_hal_exti.c.obj
LOAD CMakeFiles/test02.dir/Core/Src/main.c.obj
LOAD CMakeFiles/test02.dir/Core/Src/gpio.c.obj
LOAD CMakeFiles/test02.dir/Core/Src/stm32f1xx_it.c.obj
LOAD CMakeFiles/test02.dir/Core/Src/stm32f1xx_hal_msp.c.obj
LOAD CMakeFiles/test02.dir/Core/Src/sysmem.c.obj
LOAD CMakeFiles/test02.dir/Core/Src/syscalls.c.obj
LOAD CMakeFiles/test02.dir/startup_stm32f103xb.s.obj
LOAD CMakeFiles/test02.dir/Kernel/Module/Algorithm/Controller/controller.c.obj
START GROUP
LOAD D:/msys64/mingw64/bin/../lib/gcc/arm-none-eabi/13.3.0/thumb/v7-m/nofp\libgcc.a
LOAD D:/msys64/mingw64/bin/../lib/gcc/arm-none-eabi/13.3.0/../../../../arm-none-eabi/lib/thumb/v7-m/nofp\libg_nano.a
LOAD D:/msys64/mingw64/bin/../lib/gcc/arm-none-eabi/13.3.0/../../../../arm-none-eabi/lib/thumb/v7-m/nofp\libc_nano.a
END GROUP
START GROUP
LOAD D:/msys64/mingw64/bin/../lib/gcc/arm-none-eabi/13.3.0/thumb/v7-m/nofp\libgcc.a
LOAD D:/msys64/mingw64/bin/../lib/gcc/arm-none-eabi/13.3.0/../../../../arm-none-eabi/lib/thumb/v7-m/nofp\libc_nano.a
END GROUP
LOAD D:/msys64/mingw64/bin/../lib/gcc/arm-none-eabi/13.3.0/thumb/v7-m/nofp/crtend.o
LOAD D:/msys64/mingw64/bin/../lib/gcc/arm-none-eabi/13.3.0/thumb/v7-m/nofp/crtn.o
                0x20005000                        _estack = (ORIGIN (RAM) + LENGTH (RAM))
                0x00000200                        _Min_Heap_Size = 0x200
                0x00000400                        _Min_Stack_Size = 0x400

.isr_vector     0x08000000      0x10c
                0x08000000                        . = ALIGN (0x4)
 *(.isr_vector)
 .isr_vector    0x08000000      0x10c CMakeFiles/test02.dir/startup_stm32f103xb.s.obj
                0x08000000                g_pfnVectors
                0x0800010c                        . = ALIGN (0x4)

.text           0x0800010c      0xd90
                0x0800010c                        . = ALIGN (0x4)
 *(.text)
 .text          0x0800010c       0xa0 D:/msys64/mingw64/bin/../lib/gcc/arm-none-eabi/13.3.0/../../../../arm-none-eabi/lib/thumb/v7-m/nofp\libc_nano.a(libc_a-memset.o)
                0x0800010c                memset
 .text          0x080001ac       0x50 D:/msys64/mingw64/bin/../lib/gcc/arm-none-eabi/13.3.0/../../../../arm-none-eabi/lib/thumb/v7-m/nofp\libc_nano.a(libc_a-init.o)
                0x080001ac                __libc_init_array
 *(.text*)
 .text.__do_global_dtors_aux
                0x080001fc       0x24 D:/msys64/mingw64/bin/../lib/gcc/arm-none-eabi/13.3.0/thumb/v7-m/nofp/crtbegin.o
 .text.frame_dummy
                0x08000220       0x1c D:/msys64/mingw64/bin/../lib/gcc/arm-none-eabi/13.3.0/thumb/v7-m/nofp/crtbegin.o
 .text.SystemInit
                0x0800023c        0xc cmake/stm32cubemx/CMakeFiles/STM32_Drivers.dir/__/__/Core/Src/system_stm32f1xx.c.obj
                0x0800023c                SystemInit
 .text.HAL_Init
                0x08000248       0x2c cmake/stm32cubemx/CMakeFiles/STM32_Drivers.dir/__/__/Drivers/STM32F1xx_HAL_Driver/Src/stm32f1xx_hal.c.obj
                0x08000248                HAL_Init
 .text.HAL_InitTick
                0x08000274       0x60 cmake/stm32cubemx/CMakeFiles/STM32_Drivers.dir/__/__/Drivers/STM32F1xx_HAL_Driver/Src/stm32f1xx_hal.c.obj
                0x08000274                HAL_InitTick
 .text.HAL_IncTick
                0x080002d4       0x24 cmake/stm32cubemx/CMakeFiles/STM32_Drivers.dir/__/__/Drivers/STM32F1xx_HAL_Driver/Src/stm32f1xx_hal.c.obj
                0x080002d4                HAL_IncTick
 .text.HAL_GetTick
                0x080002f8       0x14 cmake/stm32cubemx/CMakeFiles/STM32_Drivers.dir/__/__/Drivers/STM32F1xx_HAL_Driver/Src/stm32f1xx_hal.c.obj
                0x080002f8                HAL_GetTick
 .text.HAL_RCC_OscConfig
                0x0800030c      0x504 cmake/stm32cubemx/CMakeFiles/STM32_Drivers.dir/__/__/Drivers/STM32F1xx_HAL_Driver/Src/stm32f1xx_hal_rcc.c.obj
                0x0800030c                HAL_RCC_OscConfig
 .text.HAL_RCC_ClockConfig
                0x08000810      0x1d4 cmake/stm32cubemx/CMakeFiles/STM32_Drivers.dir/__/__/Drivers/STM32F1xx_HAL_Driver/Src/stm32f1xx_hal_rcc.c.obj
                0x08000810                HAL_RCC_ClockConfig
 .text.HAL_RCC_GetSysClockFreq
                0x080009e4       0xa8 cmake/stm32cubemx/CMakeFiles/STM32_Drivers.dir/__/__/Drivers/STM32F1xx_HAL_Driver/Src/stm32f1xx_hal_rcc.c.obj
                0x080009e4                HAL_RCC_GetSysClockFreq
 .text.RCC_Delay
                0x08000a8c       0x3c cmake/stm32cubemx/CMakeFiles/STM32_Drivers.dir/__/__/Drivers/STM32F1xx_HAL_Driver/Src/stm32f1xx_hal_rcc.c.obj
 .text.__NVIC_SetPriorityGrouping
                0x08000ac8       0x48 cmake/stm32cubemx/CMakeFiles/STM32_Drivers.dir/__/__/Drivers/STM32F1xx_HAL_Driver/Src/stm32f1xx_hal_cortex.c.obj
 .text.__NVIC_GetPriorityGrouping
                0x08000b10       0x1c cmake/stm32cubemx/CMakeFiles/STM32_Drivers.dir/__/__/Drivers/STM32F1xx_HAL_Driver/Src/stm32f1xx_hal_cortex.c.obj
 .text.__NVIC_SetPriority
                0x08000b2c       0x54 cmake/stm32cubemx/CMakeFiles/STM32_Drivers.dir/__/__/Drivers/STM32F1xx_HAL_Driver/Src/stm32f1xx_hal_cortex.c.obj
 .text.NVIC_EncodePriority
                0x08000b80       0x64 cmake/stm32cubemx/CMakeFiles/STM32_Drivers.dir/__/__/Drivers/STM32F1xx_HAL_Driver/Src/stm32f1xx_hal_cortex.c.obj
 .text.SysTick_Config
                0x08000be4       0x44 cmake/stm32cubemx/CMakeFiles/STM32_Drivers.dir/__/__/Drivers/STM32F1xx_HAL_Driver/Src/stm32f1xx_hal_cortex.c.obj
 .text.HAL_NVIC_SetPriorityGrouping
                0x08000c28       0x16 cmake/stm32cubemx/CMakeFiles/STM32_Drivers.dir/__/__/Drivers/STM32F1xx_HAL_Driver/Src/stm32f1xx_hal_cortex.c.obj
                0x08000c28                HAL_NVIC_SetPriorityGrouping
 .text.HAL_NVIC_SetPriority
                0x08000c3e       0x38 cmake/stm32cubemx/CMakeFiles/STM32_Drivers.dir/__/__/Drivers/STM32F1xx_HAL_Driver/Src/stm32f1xx_hal_cortex.c.obj
                0x08000c3e                HAL_NVIC_SetPriority
 .text.HAL_SYSTICK_Config
                0x08000c76       0x18 cmake/stm32cubemx/CMakeFiles/STM32_Drivers.dir/__/__/Drivers/STM32F1xx_HAL_Driver/Src/stm32f1xx_hal_cortex.c.obj
                0x08000c76                HAL_SYSTICK_Config
 .text.main     0x08000c8e       0x14 CMakeFiles/test02.dir/Core/Src/main.c.obj
                0x08000c8e                main
 .text.SystemClock_Config
                0x08000ca2       0x8a CMakeFiles/test02.dir/Core/Src/main.c.obj
                0x08000ca2                SystemClock_Config
 .text.Error_Handler
                0x08000d2c        0xc CMakeFiles/test02.dir/Core/Src/main.c.obj
                0x08000d2c                Error_Handler
 .text.MX_GPIO_Init
                0x08000d38       0x44 CMakeFiles/test02.dir/Core/Src/gpio.c.obj
                0x08000d38                MX_GPIO_Init
 .text.NMI_Handler
                0x08000d7c        0x8 CMakeFiles/test02.dir/Core/Src/stm32f1xx_it.c.obj
                0x08000d7c                NMI_Handler
 .text.HardFault_Handler
                0x08000d84        0x8 CMakeFiles/test02.dir/Core/Src/stm32f1xx_it.c.obj
                0x08000d84                HardFault_Handler
 .text.MemManage_Handler
                0x08000d8c        0x8 CMakeFiles/test02.dir/Core/Src/stm32f1xx_it.c.obj
                0x08000d8c                MemManage_Handler
 .text.BusFault_Handler
                0x08000d94        0x8 CMakeFiles/test02.dir/Core/Src/stm32f1xx_it.c.obj
                0x08000d94                BusFault_Handler
 .text.UsageFault_Handler
                0x08000d9c        0x8 CMakeFiles/test02.dir/Core/Src/stm32f1xx_it.c.obj
                0x08000d9c                UsageFault_Handler
 .text.SVC_Handler
                0x08000da4        0xc CMakeFiles/test02.dir/Core/Src/stm32f1xx_it.c.obj
                0x08000da4                SVC_Handler
 .text.DebugMon_Handler
                0x08000db0        0xc CMakeFiles/test02.dir/Core/Src/stm32f1xx_it.c.obj
                0x08000db0                DebugMon_Handler
 .text.PendSV_Handler
                0x08000dbc        0xc CMakeFiles/test02.dir/Core/Src/stm32f1xx_it.c.obj
                0x08000dbc                PendSV_Handler
 .text.SysTick_Handler
                0x08000dc8        0xc CMakeFiles/test02.dir/Core/Src/stm32f1xx_it.c.obj
                0x08000dc8                SysTick_Handler
 .text.HAL_MspInit
                0x08000dd4       0x64 CMakeFiles/test02.dir/Core/Src/stm32f1xx_hal_msp.c.obj
                0x08000dd4                HAL_MspInit
 .text.Reset_Handler
                0x08000e38       0x48 CMakeFiles/test02.dir/startup_stm32f103xb.s.obj
                0x08000e38                Reset_Handler
 .text.Default_Handler
                0x08000e80        0x2 CMakeFiles/test02.dir/startup_stm32f103xb.s.obj
                0x08000e80                RTC_Alarm_IRQHandler
                0x08000e80                EXTI2_IRQHandler
                0x08000e80                TIM1_CC_IRQHandler
                0x08000e80                PVD_IRQHandler
                0x08000e80                EXTI3_IRQHandler
                0x08000e80                EXTI0_IRQHandler
                0x08000e80                I2C2_EV_IRQHandler
                0x08000e80                ADC1_2_IRQHandler
                0x08000e80                SPI1_IRQHandler
                0x08000e80                TAMPER_IRQHandler
                0x08000e80                DMA1_Channel4_IRQHandler
                0x08000e80                USART3_IRQHandler
                0x08000e80                RTC_IRQHandler
                0x08000e80                DMA1_Channel7_IRQHandler
                0x08000e80                CAN1_RX1_IRQHandler
                0x08000e80                TIM4_IRQHandler
                0x08000e80                I2C1_EV_IRQHandler
                0x08000e80                DMA1_Channel6_IRQHandler
                0x08000e80                TIM3_IRQHandler
                0x08000e80                RCC_IRQHandler
                0x08000e80                TIM1_TRG_COM_IRQHandler
                0x08000e80                DMA1_Channel1_IRQHandler
                0x08000e80                Default_Handler
                0x08000e80                EXTI15_10_IRQHandler
                0x08000e80                EXTI9_5_IRQHandler
                0x08000e80                SPI2_IRQHandler
                0x08000e80                DMA1_Channel5_IRQHandler
                0x08000e80                EXTI4_IRQHandler
                0x08000e80                USB_LP_CAN1_RX0_IRQHandler
                0x08000e80                USB_HP_CAN1_TX_IRQHandler
                0x08000e80                DMA1_Channel3_IRQHandler
                0x08000e80                TIM1_UP_IRQHandler
                0x08000e80                WWDG_IRQHandler
                0x08000e80                TIM2_IRQHandler
                0x08000e80                TIM1_BRK_IRQHandler
                0x08000e80                EXTI1_IRQHandler
                0x08000e80                USART2_IRQHandler
                0x08000e80                I2C2_ER_IRQHandler
                0x08000e80                DMA1_Channel2_IRQHandler
                0x08000e80                CAN1_SCE_IRQHandler
                0x08000e80                FLASH_IRQHandler
                0x08000e80                USART1_IRQHandler
                0x08000e80                I2C1_ER_IRQHandler
                0x08000e80                USBWakeUp_IRQHandler
 *(.glue_7)
 .glue_7        0x08000e82        0x0 linker stubs
 *(.glue_7t)
 .glue_7t       0x08000e82        0x0 linker stubs
 *(.eh_frame)
 *fill*         0x08000e82        0x2 
 .eh_frame      0x08000e84        0x0 D:/msys64/mingw64/bin/../lib/gcc/arm-none-eabi/13.3.0/thumb/v7-m/nofp/crtbegin.o
 *(.init)
 .init          0x08000e84        0x4 D:/msys64/mingw64/bin/../lib/gcc/arm-none-eabi/13.3.0/thumb/v7-m/nofp/crti.o
                0x08000e84                _init
 .init          0x08000e88        0x8 D:/msys64/mingw64/bin/../lib/gcc/arm-none-eabi/13.3.0/thumb/v7-m/nofp/crtn.o
 *(.fini)
 .fini          0x08000e90        0x4 D:/msys64/mingw64/bin/../lib/gcc/arm-none-eabi/13.3.0/thumb/v7-m/nofp/crti.o
                0x08000e90                _fini
 .fini          0x08000e94        0x8 D:/msys64/mingw64/bin/../lib/gcc/arm-none-eabi/13.3.0/thumb/v7-m/nofp/crtn.o
                0x08000e9c                        . = ALIGN (0x4)
                0x08000e9c                        _etext = .

.vfp11_veneer   0x08000e9c        0x0
 .vfp11_veneer  0x08000e9c        0x0 linker stubs

.v4_bx          0x08000e9c        0x0
 .v4_bx         0x08000e9c        0x0 linker stubs

.iplt           0x08000e9c        0x0
 .iplt          0x08000e9c        0x0 D:/msys64/mingw64/bin/../lib/gcc/arm-none-eabi/13.3.0/thumb/v7-m/nofp/crtbegin.o

.rodata         0x08000e9c       0x24
                0x08000e9c                        . = ALIGN (0x4)
 *(.rodata)
 *(.rodata*)
 .rodata.AHBPrescTable
                0x08000e9c       0x10 cmake/stm32cubemx/CMakeFiles/STM32_Drivers.dir/__/__/Core/Src/system_stm32f1xx.c.obj
                0x08000e9c                AHBPrescTable
 .rodata.aPLLMULFactorTable.1
                0x08000eac       0x10 cmake/stm32cubemx/CMakeFiles/STM32_Drivers.dir/__/__/Drivers/STM32F1xx_HAL_Driver/Src/stm32f1xx_hal_rcc.c.obj
 .rodata.aPredivFactorTable.0
                0x08000ebc        0x2 cmake/stm32cubemx/CMakeFiles/STM32_Drivers.dir/__/__/Drivers/STM32F1xx_HAL_Driver/Src/stm32f1xx_hal_rcc.c.obj
                0x08000ec0                        . = ALIGN (0x4)
 *fill*         0x08000ebe        0x2 

.ARM.extab      0x08000ec0        0x0
                0x08000ec0                        . = ALIGN (0x4)
 *(.ARM.extab* .gnu.linkonce.armextab.*)
                0x08000ec0                        . = ALIGN (0x4)

.ARM            0x08000ec0        0x0
                0x08000ec0                        . = ALIGN (0x4)
                0x08000ec0                        __exidx_start = .
 *(.ARM.exidx*)
                0x08000ec0                        __exidx_end = .
                0x08000ec0                        . = ALIGN (0x4)

.preinit_array  0x08000ec0        0x0
                0x08000ec0                        . = ALIGN (0x4)
                0x08000ec0                        PROVIDE (__preinit_array_start = .)
 *(.preinit_array*)
                0x08000ec0                        PROVIDE (__preinit_array_end = .)
                0x08000ec0                        . = ALIGN (0x4)

.init_array     0x08000ec0        0x4
                0x08000ec0                        . = ALIGN (0x4)
                0x08000ec0                        PROVIDE (__init_array_start = .)
 *(SORT_BY_NAME(.init_array.*))
 *(.init_array*)
 .init_array    0x08000ec0        0x4 D:/msys64/mingw64/bin/../lib/gcc/arm-none-eabi/13.3.0/thumb/v7-m/nofp/crtbegin.o
                0x08000ec4                        PROVIDE (__init_array_end = .)
                0x08000ec4                        . = ALIGN (0x4)

.fini_array     0x08000ec4        0x4
                0x08000ec4                        . = ALIGN (0x4)
                0x08000ec4                        PROVIDE (__fini_array_start = .)
 *(SORT_BY_NAME(.fini_array.*))
 *(.fini_array*)
 .fini_array    0x08000ec4        0x4 D:/msys64/mingw64/bin/../lib/gcc/arm-none-eabi/13.3.0/thumb/v7-m/nofp/crtbegin.o
                0x08000ec8                        PROVIDE (__fini_array_end = .)
                0x08000ec8                        . = ALIGN (0x4)
                0x08000ec8                        _sidata = LOADADDR (.data)

.rel.dyn        0x08000ec8        0x0
 .rel.iplt      0x08000ec8        0x0 D:/msys64/mingw64/bin/../lib/gcc/arm-none-eabi/13.3.0/thumb/v7-m/nofp/crtbegin.o

.data           0x20000000        0xc load address 0x08000ec8
                0x20000000                        . = ALIGN (0x4)
                0x20000000                        _sdata = .
 *(.data)
 *(.data*)
 .data.SystemCoreClock
                0x20000000        0x4 cmake/stm32cubemx/CMakeFiles/STM32_Drivers.dir/__/__/Core/Src/system_stm32f1xx.c.obj
                0x20000000                SystemCoreClock
 .data.uwTickPrio
                0x20000004        0x4 cmake/stm32cubemx/CMakeFiles/STM32_Drivers.dir/__/__/Drivers/STM32F1xx_HAL_Driver/Src/stm32f1xx_hal.c.obj
                0x20000004                uwTickPrio
 .data.uwTickFreq
                0x20000008        0x1 cmake/stm32cubemx/CMakeFiles/STM32_Drivers.dir/__/__/Drivers/STM32F1xx_HAL_Driver/Src/stm32f1xx_hal.c.obj
                0x20000008                uwTickFreq
 *(.RamFunc)
 *(.RamFunc*)
                0x2000000c                        . = ALIGN (0x4)
 *fill*         0x20000009        0x3 
                0x2000000c                        _edata = .

.igot.plt       0x2000000c        0x0 load address 0x08000ed4
 .igot.plt      0x2000000c        0x0 D:/msys64/mingw64/bin/../lib/gcc/arm-none-eabi/13.3.0/thumb/v7-m/nofp/crtbegin.o
                0x2000000c                        . = ALIGN (0x4)

.bss            0x2000000c       0x20 load address 0x08000ed4
                0x2000000c                        _sbss = .
                0x2000000c                        __bss_start__ = _sbss
 *(.bss)
 *(.bss*)
 .bss.completed.1
                0x2000000c        0x1 D:/msys64/mingw64/bin/../lib/gcc/arm-none-eabi/13.3.0/thumb/v7-m/nofp/crtbegin.o
 *fill*         0x2000000d        0x3 
 .bss.object.0  0x20000010       0x18 D:/msys64/mingw64/bin/../lib/gcc/arm-none-eabi/13.3.0/thumb/v7-m/nofp/crtbegin.o
 .bss.uwTick    0x20000028        0x4 cmake/stm32cubemx/CMakeFiles/STM32_Drivers.dir/__/__/Drivers/STM32F1xx_HAL_Driver/Src/stm32f1xx_hal.c.obj
                0x20000028                uwTick
 *(COMMON)
                0x2000002c                        . = ALIGN (0x4)
                0x2000002c                        _ebss = .
                0x2000002c                        __bss_end__ = _ebss

._user_heap_stack
                0x2000002c      0x604 load address 0x08000ed4
                0x20000030                        . = ALIGN (0x8)
 *fill*         0x2000002c        0x4 
                [!provide]                        PROVIDE (end = .)
                0x20000030                        PROVIDE (_end = .)
                0x20000230                        . = (. + _Min_Heap_Size)
 *fill*         0x20000030      0x200 
                0x20000630                        . = (. + _Min_Stack_Size)
 *fill*         0x20000230      0x400 
                0x20000630                        . = ALIGN (0x8)

/DISCARD/
 libc.a(*)
 libm.a(*)
 libgcc.a(*)
OUTPUT(test02.elf elf32-littlearm)
LOAD linker stubs
LOAD D:/msys64/mingw64/bin/../lib/gcc/arm-none-eabi/13.3.0/../../../../arm-none-eabi/lib/thumb/v7-m/nofp\libc.a
LOAD D:/msys64/mingw64/bin/../lib/gcc/arm-none-eabi/13.3.0/../../../../arm-none-eabi/lib/thumb/v7-m/nofp\libm.a
LOAD D:/msys64/mingw64/bin/../lib/gcc/arm-none-eabi/13.3.0/thumb/v7-m/nofp\libgcc.a

.ARM.attributes
                0x00000000       0x29
 .ARM.attributes
                0x00000000       0x1d D:/msys64/mingw64/bin/../lib/gcc/arm-none-eabi/13.3.0/thumb/v7-m/nofp/crti.o
 .ARM.attributes
                0x0000001d       0x2d D:/msys64/mingw64/bin/../lib/gcc/arm-none-eabi/13.3.0/thumb/v7-m/nofp/crtbegin.o
 .ARM.attributes
                0x0000004a       0x2d D:/msys64/mingw64/bin/../lib/gcc/arm-none-eabi/13.3.0/../../../../arm-none-eabi/lib/thumb/v7-m/nofp\libc_nano.a(libc_a-memset.o)
 .ARM.attributes
                0x00000077       0x2d D:/msys64/mingw64/bin/../lib/gcc/arm-none-eabi/13.3.0/../../../../arm-none-eabi/lib/thumb/v7-m/nofp\libc_nano.a(libc_a-init.o)
 .ARM.attributes
                0x000000a4       0x2d cmake/stm32cubemx/CMakeFiles/STM32_Drivers.dir/__/__/Core/Src/system_stm32f1xx.c.obj
 .ARM.attributes
                0x000000d1       0x2d cmake/stm32cubemx/CMakeFiles/STM32_Drivers.dir/__/__/Drivers/STM32F1xx_HAL_Driver/Src/stm32f1xx_hal.c.obj
 .ARM.attributes
                0x000000fe       0x2d cmake/stm32cubemx/CMakeFiles/STM32_Drivers.dir/__/__/Drivers/STM32F1xx_HAL_Driver/Src/stm32f1xx_hal_rcc.c.obj
 .ARM.attributes
                0x0000012b       0x2d cmake/stm32cubemx/CMakeFiles/STM32_Drivers.dir/__/__/Drivers/STM32F1xx_HAL_Driver/Src/stm32f1xx_hal_cortex.c.obj
 .ARM.attributes
                0x00000158       0x2d CMakeFiles/test02.dir/Core/Src/main.c.obj
 .ARM.attributes
                0x00000185       0x2d CMakeFiles/test02.dir/Core/Src/gpio.c.obj
 .ARM.attributes
                0x000001b2       0x2d CMakeFiles/test02.dir/Core/Src/stm32f1xx_it.c.obj
 .ARM.attributes
                0x000001df       0x2d CMakeFiles/test02.dir/Core/Src/stm32f1xx_hal_msp.c.obj
 .ARM.attributes
                0x0000020c       0x21 CMakeFiles/test02.dir/startup_stm32f103xb.s.obj
 .ARM.attributes
                0x0000022d       0x1d D:/msys64/mingw64/bin/../lib/gcc/arm-none-eabi/13.3.0/thumb/v7-m/nofp/crtn.o

.comment        0x00000000       0x12
 .comment       0x00000000       0x12 D:/msys64/mingw64/bin/../lib/gcc/arm-none-eabi/13.3.0/../../../../arm-none-eabi/lib/thumb/v7-m/nofp\libc_nano.a(libc_a-memset.o)
                                 0x13 (size before relaxing)
 .comment       0x00000012       0x13 D:/msys64/mingw64/bin/../lib/gcc/arm-none-eabi/13.3.0/../../../../arm-none-eabi/lib/thumb/v7-m/nofp\libc_nano.a(libc_a-init.o)
 .comment       0x00000012       0x13 cmake/stm32cubemx/CMakeFiles/STM32_Drivers.dir/__/__/Core/Src/system_stm32f1xx.c.obj
 .comment       0x00000012       0x13 cmake/stm32cubemx/CMakeFiles/STM32_Drivers.dir/__/__/Drivers/STM32F1xx_HAL_Driver/Src/stm32f1xx_hal.c.obj
 .comment       0x00000012       0x13 cmake/stm32cubemx/CMakeFiles/STM32_Drivers.dir/__/__/Drivers/STM32F1xx_HAL_Driver/Src/stm32f1xx_hal_rcc.c.obj
 .comment       0x00000012       0x13 cmake/stm32cubemx/CMakeFiles/STM32_Drivers.dir/__/__/Drivers/STM32F1xx_HAL_Driver/Src/stm32f1xx_hal_cortex.c.obj
 .comment       0x00000012       0x13 CMakeFiles/test02.dir/Core/Src/main.c.obj
 .comment       0x00000012       0x13 CMakeFiles/test02.dir/Core/Src/gpio.c.obj
 .comment       0x00000012       0x13 CMakeFiles/test02.dir/Core/Src/stm32f1xx_it.c.obj
 .comment       0x00000012       0x13 CMakeFiles/test02.dir/Core/Src/stm32f1xx_hal_msp.c.obj

.debug_info     0x00000000     0x24e9
 .debug_info    0x00000000      0x135 D:/msys64/mingw64/bin/../lib/gcc/arm-none-eabi/13.3.0/../../../../arm-none-eabi/lib/thumb/v7-m/nofp\libc_nano.a(libc_a-memset.o)
 .debug_info    0x00000135      0x10b D:/msys64/mingw64/bin/../lib/gcc/arm-none-eabi/13.3.0/../../../../arm-none-eabi/lib/thumb/v7-m/nofp\libc_nano.a(libc_a-init.o)
 .debug_info    0x00000240      0x222 cmake/stm32cubemx/CMakeFiles/STM32_Drivers.dir/__/__/Core/Src/system_stm32f1xx.c.obj
 .debug_info    0x00000462      0x704 cmake/stm32cubemx/CMakeFiles/STM32_Drivers.dir/__/__/Drivers/STM32F1xx_HAL_Driver/Src/stm32f1xx_hal.c.obj
 .debug_info    0x00000b66      0x7d5 cmake/stm32cubemx/CMakeFiles/STM32_Drivers.dir/__/__/Drivers/STM32F1xx_HAL_Driver/Src/stm32f1xx_hal_rcc.c.obj
 .debug_info    0x0000133b      0xa87 cmake/stm32cubemx/CMakeFiles/STM32_Drivers.dir/__/__/Drivers/STM32F1xx_HAL_Driver/Src/stm32f1xx_hal_cortex.c.obj
 .debug_info    0x00001dc2      0x28a CMakeFiles/test02.dir/Core/Src/main.c.obj
 .debug_info    0x0000204c      0x169 CMakeFiles/test02.dir/Core/Src/gpio.c.obj
 .debug_info    0x000021b5      0x113 CMakeFiles/test02.dir/Core/Src/stm32f1xx_it.c.obj
 .debug_info    0x000022c8      0x1f1 CMakeFiles/test02.dir/Core/Src/stm32f1xx_hal_msp.c.obj
 .debug_info    0x000024b9       0x30 CMakeFiles/test02.dir/startup_stm32f103xb.s.obj

.debug_abbrev   0x00000000      0xe14
 .debug_abbrev  0x00000000       0xb7 D:/msys64/mingw64/bin/../lib/gcc/arm-none-eabi/13.3.0/../../../../arm-none-eabi/lib/thumb/v7-m/nofp\libc_nano.a(libc_a-memset.o)
 .debug_abbrev  0x000000b7       0xc9 D:/msys64/mingw64/bin/../lib/gcc/arm-none-eabi/13.3.0/../../../../arm-none-eabi/lib/thumb/v7-m/nofp\libc_nano.a(libc_a-init.o)
 .debug_abbrev  0x00000180      0x13f cmake/stm32cubemx/CMakeFiles/STM32_Drivers.dir/__/__/Core/Src/system_stm32f1xx.c.obj
 .debug_abbrev  0x000002bf      0x201 cmake/stm32cubemx/CMakeFiles/STM32_Drivers.dir/__/__/Drivers/STM32F1xx_HAL_Driver/Src/stm32f1xx_hal.c.obj
 .debug_abbrev  0x000004c0      0x2b3 cmake/stm32cubemx/CMakeFiles/STM32_Drivers.dir/__/__/Drivers/STM32F1xx_HAL_Driver/Src/stm32f1xx_hal_rcc.c.obj
 .debug_abbrev  0x00000773      0x2f8 cmake/stm32cubemx/CMakeFiles/STM32_Drivers.dir/__/__/Drivers/STM32F1xx_HAL_Driver/Src/stm32f1xx_hal_cortex.c.obj
 .debug_abbrev  0x00000a6b      0x171 CMakeFiles/test02.dir/Core/Src/main.c.obj
 .debug_abbrev  0x00000bdc       0xc6 CMakeFiles/test02.dir/Core/Src/gpio.c.obj
 .debug_abbrev  0x00000ca2       0x73 CMakeFiles/test02.dir/Core/Src/stm32f1xx_it.c.obj
 .debug_abbrev  0x00000d15       0xdb CMakeFiles/test02.dir/Core/Src/stm32f1xx_hal_msp.c.obj
 .debug_abbrev  0x00000df0       0x24 CMakeFiles/test02.dir/startup_stm32f103xb.s.obj

.debug_loclists
                0x00000000      0x23c
 .debug_loclists
                0x00000000      0x1d7 D:/msys64/mingw64/bin/../lib/gcc/arm-none-eabi/13.3.0/../../../../arm-none-eabi/lib/thumb/v7-m/nofp\libc_nano.a(libc_a-memset.o)
 .debug_loclists
                0x000001d7       0x65 D:/msys64/mingw64/bin/../lib/gcc/arm-none-eabi/13.3.0/../../../../arm-none-eabi/lib/thumb/v7-m/nofp\libc_nano.a(libc_a-init.o)

.debug_aranges  0x00000000      0x3d0
 .debug_aranges
                0x00000000       0x20 D:/msys64/mingw64/bin/../lib/gcc/arm-none-eabi/13.3.0/../../../../arm-none-eabi/lib/thumb/v7-m/nofp\libc_nano.a(libc_a-memset.o)
 .debug_aranges
                0x00000020       0x20 D:/msys64/mingw64/bin/../lib/gcc/arm-none-eabi/13.3.0/../../../../arm-none-eabi/lib/thumb/v7-m/nofp\libc_nano.a(libc_a-init.o)
 .debug_aranges
                0x00000040       0x28 cmake/stm32cubemx/CMakeFiles/STM32_Drivers.dir/__/__/Core/Src/system_stm32f1xx.c.obj
 .debug_aranges
                0x00000068       0xe0 cmake/stm32cubemx/CMakeFiles/STM32_Drivers.dir/__/__/Drivers/STM32F1xx_HAL_Driver/Src/stm32f1xx_hal.c.obj
 .debug_aranges
                0x00000148       0x90 cmake/stm32cubemx/CMakeFiles/STM32_Drivers.dir/__/__/Drivers/STM32F1xx_HAL_Driver/Src/stm32f1xx_hal_rcc.c.obj
 .debug_aranges
                0x000001d8      0x100 cmake/stm32cubemx/CMakeFiles/STM32_Drivers.dir/__/__/Drivers/STM32F1xx_HAL_Driver/Src/stm32f1xx_hal_cortex.c.obj
 .debug_aranges
                0x000002d8       0x30 CMakeFiles/test02.dir/Core/Src/main.c.obj
 .debug_aranges
                0x00000308       0x20 CMakeFiles/test02.dir/Core/Src/gpio.c.obj
 .debug_aranges
                0x00000328       0x60 CMakeFiles/test02.dir/Core/Src/stm32f1xx_it.c.obj
 .debug_aranges
                0x00000388       0x20 CMakeFiles/test02.dir/Core/Src/stm32f1xx_hal_msp.c.obj
 .debug_aranges
                0x000003a8       0x28 CMakeFiles/test02.dir/startup_stm32f103xb.s.obj

.debug_line     0x00000000     0x3771
 .debug_line    0x00000000      0x1c5 D:/msys64/mingw64/bin/../lib/gcc/arm-none-eabi/13.3.0/../../../../arm-none-eabi/lib/thumb/v7-m/nofp\libc_nano.a(libc_a-memset.o)
 .debug_line    0x000001c5      0x13c D:/msys64/mingw64/bin/../lib/gcc/arm-none-eabi/13.3.0/../../../../arm-none-eabi/lib/thumb/v7-m/nofp\libc_nano.a(libc_a-init.o)
 .debug_line    0x00000301      0x4f7 cmake/stm32cubemx/CMakeFiles/STM32_Drivers.dir/__/__/Core/Src/system_stm32f1xx.c.obj
 .debug_line    0x000007f8      0x728 cmake/stm32cubemx/CMakeFiles/STM32_Drivers.dir/__/__/Drivers/STM32F1xx_HAL_Driver/Src/stm32f1xx_hal.c.obj
 .debug_line    0x00000f20      0xbe1 cmake/stm32cubemx/CMakeFiles/STM32_Drivers.dir/__/__/Drivers/STM32F1xx_HAL_Driver/Src/stm32f1xx_hal_rcc.c.obj
 .debug_line    0x00001b01      0x8f2 cmake/stm32cubemx/CMakeFiles/STM32_Drivers.dir/__/__/Drivers/STM32F1xx_HAL_Driver/Src/stm32f1xx_hal_cortex.c.obj
 .debug_line    0x000023f3      0x4f1 CMakeFiles/test02.dir/Core/Src/main.c.obj
 .debug_line    0x000028e4      0x475 CMakeFiles/test02.dir/Core/Src/gpio.c.obj
 .debug_line    0x00002d59      0x527 CMakeFiles/test02.dir/Core/Src/stm32f1xx_it.c.obj
 .debug_line    0x00003280      0x479 CMakeFiles/test02.dir/Core/Src/stm32f1xx_hal_msp.c.obj
 .debug_line    0x000036f9       0x78 CMakeFiles/test02.dir/startup_stm32f103xb.s.obj

.debug_str      0x00000000    0x7bb4c
 .debug_str     0x00000000    0x7bb4c D:/msys64/mingw64/bin/../lib/gcc/arm-none-eabi/13.3.0/../../../../arm-none-eabi/lib/thumb/v7-m/nofp\libc_nano.a(libc_a-memset.o)
                                0x193 (size before relaxing)
 .debug_str     0x0007bb4c      0x1e0 D:/msys64/mingw64/bin/../lib/gcc/arm-none-eabi/13.3.0/../../../../arm-none-eabi/lib/thumb/v7-m/nofp\libc_nano.a(libc_a-init.o)
 .debug_str     0x0007bb4c    0x7adc3 cmake/stm32cubemx/CMakeFiles/STM32_Drivers.dir/__/__/Core/Src/system_stm32f1xx.c.obj
 .debug_str     0x0007bb4c    0x7b4f6 cmake/stm32cubemx/CMakeFiles/STM32_Drivers.dir/__/__/Drivers/STM32F1xx_HAL_Driver/Src/stm32f1xx_hal.c.obj
 .debug_str     0x0007bb4c    0x7b1f2 cmake/stm32cubemx/CMakeFiles/STM32_Drivers.dir/__/__/Drivers/STM32F1xx_HAL_Driver/Src/stm32f1xx_hal_rcc.c.obj
 .debug_str     0x0007bb4c    0x7b442 cmake/stm32cubemx/CMakeFiles/STM32_Drivers.dir/__/__/Drivers/STM32F1xx_HAL_Driver/Src/stm32f1xx_hal_cortex.c.obj
 .debug_str     0x0007bb4c    0x7aecf CMakeFiles/test02.dir/Core/Src/main.c.obj
 .debug_str     0x0007bb4c    0x7ad6a CMakeFiles/test02.dir/Core/Src/gpio.c.obj
 .debug_str     0x0007bb4c    0x7adad CMakeFiles/test02.dir/Core/Src/stm32f1xx_it.c.obj
 .debug_str     0x0007bb4c    0x7ad98 CMakeFiles/test02.dir/Core/Src/stm32f1xx_hal_msp.c.obj
 .debug_str     0x0007bb4c       0x5c CMakeFiles/test02.dir/startup_stm32f103xb.s.obj

.debug_frame    0x00000000      0xc00
 .debug_frame   0x00000000       0x2c D:/msys64/mingw64/bin/../lib/gcc/arm-none-eabi/13.3.0/../../../../arm-none-eabi/lib/thumb/v7-m/nofp\libc_nano.a(libc_a-memset.o)
 .debug_frame   0x0000002c       0x2c D:/msys64/mingw64/bin/../lib/gcc/arm-none-eabi/13.3.0/../../../../arm-none-eabi/lib/thumb/v7-m/nofp\libc_nano.a(libc_a-init.o)
 .debug_frame   0x00000058       0x58 cmake/stm32cubemx/CMakeFiles/STM32_Drivers.dir/__/__/Core/Src/system_stm32f1xx.c.obj
 .debug_frame   0x000000b0      0x334 cmake/stm32cubemx/CMakeFiles/STM32_Drivers.dir/__/__/Drivers/STM32F1xx_HAL_Driver/Src/stm32f1xx_hal.c.obj
 .debug_frame   0x000003e4      0x218 cmake/stm32cubemx/CMakeFiles/STM32_Drivers.dir/__/__/Drivers/STM32F1xx_HAL_Driver/Src/stm32f1xx_hal_rcc.c.obj
 .debug_frame   0x000005fc      0x428 cmake/stm32cubemx/CMakeFiles/STM32_Drivers.dir/__/__/Drivers/STM32F1xx_HAL_Driver/Src/stm32f1xx_hal_cortex.c.obj
 .debug_frame   0x00000a24       0x68 CMakeFiles/test02.dir/Core/Src/main.c.obj
 .debug_frame   0x00000a8c       0x38 CMakeFiles/test02.dir/Core/Src/gpio.c.obj
 .debug_frame   0x00000ac4      0x104 CMakeFiles/test02.dir/Core/Src/stm32f1xx_it.c.obj
 .debug_frame   0x00000bc8       0x38 CMakeFiles/test02.dir/Core/Src/stm32f1xx_hal_msp.c.obj

.debug_rnglists
                0x00000000      0x286
 .debug_rnglists
                0x00000000       0x1a cmake/stm32cubemx/CMakeFiles/STM32_Drivers.dir/__/__/Core/Src/system_stm32f1xx.c.obj
 .debug_rnglists
                0x0000001a       0xa3 cmake/stm32cubemx/CMakeFiles/STM32_Drivers.dir/__/__/Drivers/STM32F1xx_HAL_Driver/Src/stm32f1xx_hal.c.obj
 .debug_rnglists
                0x000000bd       0x6c cmake/stm32cubemx/CMakeFiles/STM32_Drivers.dir/__/__/Drivers/STM32F1xx_HAL_Driver/Src/stm32f1xx_hal_rcc.c.obj
 .debug_rnglists
                0x00000129       0xbb cmake/stm32cubemx/CMakeFiles/STM32_Drivers.dir/__/__/Drivers/STM32F1xx_HAL_Driver/Src/stm32f1xx_hal_cortex.c.obj
 .debug_rnglists
                0x000001e4       0x20 CMakeFiles/test02.dir/Core/Src/main.c.obj
 .debug_rnglists
                0x00000204       0x13 CMakeFiles/test02.dir/Core/Src/gpio.c.obj
 .debug_rnglists
                0x00000217       0x43 CMakeFiles/test02.dir/Core/Src/stm32f1xx_it.c.obj
 .debug_rnglists
                0x0000025a       0x13 CMakeFiles/test02.dir/Core/Src/stm32f1xx_hal_msp.c.obj
 .debug_rnglists
                0x0000026d       0x19 CMakeFiles/test02.dir/startup_stm32f103xb.s.obj

.debug_macro    0x00000000    0x1590f
 .debug_macro   0x00000000      0x184 cmake/stm32cubemx/CMakeFiles/STM32_Drivers.dir/__/__/Core/Src/system_stm32f1xx.c.obj
 .debug_macro   0x00000184      0xacc cmake/stm32cubemx/CMakeFiles/STM32_Drivers.dir/__/__/Core/Src/system_stm32f1xx.c.obj
 .debug_macro   0x00000c50       0x2e cmake/stm32cubemx/CMakeFiles/STM32_Drivers.dir/__/__/Core/Src/system_stm32f1xx.c.obj
 .debug_macro   0x00000c7e       0x22 cmake/stm32cubemx/CMakeFiles/STM32_Drivers.dir/__/__/Core/Src/system_stm32f1xx.c.obj
 .debug_macro   0x00000ca0       0x22 cmake/stm32cubemx/CMakeFiles/STM32_Drivers.dir/__/__/Core/Src/system_stm32f1xx.c.obj
 .debug_macro   0x00000cc2       0x8e cmake/stm32cubemx/CMakeFiles/STM32_Drivers.dir/__/__/Core/Src/system_stm32f1xx.c.obj
 .debug_macro   0x00000d50       0x51 cmake/stm32cubemx/CMakeFiles/STM32_Drivers.dir/__/__/Core/Src/system_stm32f1xx.c.obj
 .debug_macro   0x00000da1      0x103 cmake/stm32cubemx/CMakeFiles/STM32_Drivers.dir/__/__/Core/Src/system_stm32f1xx.c.obj
 .debug_macro   0x00000ea4       0x6a cmake/stm32cubemx/CMakeFiles/STM32_Drivers.dir/__/__/Core/Src/system_stm32f1xx.c.obj
 .debug_macro   0x00000f0e      0x1df cmake/stm32cubemx/CMakeFiles/STM32_Drivers.dir/__/__/Core/Src/system_stm32f1xx.c.obj
 .debug_macro   0x000010ed       0x1c cmake/stm32cubemx/CMakeFiles/STM32_Drivers.dir/__/__/Core/Src/system_stm32f1xx.c.obj
 .debug_macro   0x00001109       0x22 cmake/stm32cubemx/CMakeFiles/STM32_Drivers.dir/__/__/Core/Src/system_stm32f1xx.c.obj
 .debug_macro   0x0000112b       0xbd cmake/stm32cubemx/CMakeFiles/STM32_Drivers.dir/__/__/Core/Src/system_stm32f1xx.c.obj
 .debug_macro   0x000011e8      0xd23 cmake/stm32cubemx/CMakeFiles/STM32_Drivers.dir/__/__/Core/Src/system_stm32f1xx.c.obj
 .debug_macro   0x00001f0b     0xe09e cmake/stm32cubemx/CMakeFiles/STM32_Drivers.dir/__/__/Core/Src/system_stm32f1xx.c.obj
 .debug_macro   0x0000ffa9       0x6d cmake/stm32cubemx/CMakeFiles/STM32_Drivers.dir/__/__/Core/Src/system_stm32f1xx.c.obj
 .debug_macro   0x00010016      0x20f cmake/stm32cubemx/CMakeFiles/STM32_Drivers.dir/__/__/Core/Src/system_stm32f1xx.c.obj
 .debug_macro   0x00010225     0x34a2 cmake/stm32cubemx/CMakeFiles/STM32_Drivers.dir/__/__/Core/Src/system_stm32f1xx.c.obj
 .debug_macro   0x000136c7      0x190 cmake/stm32cubemx/CMakeFiles/STM32_Drivers.dir/__/__/Core/Src/system_stm32f1xx.c.obj
 .debug_macro   0x00013857       0x5c cmake/stm32cubemx/CMakeFiles/STM32_Drivers.dir/__/__/Core/Src/system_stm32f1xx.c.obj
 .debug_macro   0x000138b3      0x5bc cmake/stm32cubemx/CMakeFiles/STM32_Drivers.dir/__/__/Core/Src/system_stm32f1xx.c.obj
 .debug_macro   0x00013e6f      0x289 cmake/stm32cubemx/CMakeFiles/STM32_Drivers.dir/__/__/Core/Src/system_stm32f1xx.c.obj
 .debug_macro   0x000140f8      0x1cb cmake/stm32cubemx/CMakeFiles/STM32_Drivers.dir/__/__/Core/Src/system_stm32f1xx.c.obj
 .debug_macro   0x000142c3      0x114 cmake/stm32cubemx/CMakeFiles/STM32_Drivers.dir/__/__/Core/Src/system_stm32f1xx.c.obj
 .debug_macro   0x000143d7      0x1b2 cmake/stm32cubemx/CMakeFiles/STM32_Drivers.dir/__/__/Core/Src/system_stm32f1xx.c.obj
 .debug_macro   0x00014589       0x27 cmake/stm32cubemx/CMakeFiles/STM32_Drivers.dir/__/__/Core/Src/system_stm32f1xx.c.obj
 .debug_macro   0x000145b0      0x136 cmake/stm32cubemx/CMakeFiles/STM32_Drivers.dir/__/__/Core/Src/system_stm32f1xx.c.obj
 .debug_macro   0x000146e6      0x1bc cmake/stm32cubemx/CMakeFiles/STM32_Drivers.dir/__/__/Core/Src/system_stm32f1xx.c.obj
 .debug_macro   0x000148a2       0x34 cmake/stm32cubemx/CMakeFiles/STM32_Drivers.dir/__/__/Core/Src/system_stm32f1xx.c.obj
 .debug_macro   0x000148d6       0x3c cmake/stm32cubemx/CMakeFiles/STM32_Drivers.dir/__/__/Core/Src/system_stm32f1xx.c.obj
 .debug_macro   0x00014912       0x57 cmake/stm32cubemx/CMakeFiles/STM32_Drivers.dir/__/__/Core/Src/system_stm32f1xx.c.obj
 .debug_macro   0x00014969       0x87 cmake/stm32cubemx/CMakeFiles/STM32_Drivers.dir/__/__/Core/Src/system_stm32f1xx.c.obj
 .debug_macro   0x000149f0      0x240 cmake/stm32cubemx/CMakeFiles/STM32_Drivers.dir/__/__/Core/Src/system_stm32f1xx.c.obj
 .debug_macro   0x00014c30      0x140 cmake/stm32cubemx/CMakeFiles/STM32_Drivers.dir/__/__/Core/Src/system_stm32f1xx.c.obj
 .debug_macro   0x00014d70       0x83 cmake/stm32cubemx/CMakeFiles/STM32_Drivers.dir/__/__/Core/Src/system_stm32f1xx.c.obj
 .debug_macro   0x00014df3      0x1a8 cmake/stm32cubemx/CMakeFiles/STM32_Drivers.dir/__/__/Drivers/STM32F1xx_HAL_Driver/Src/stm32f1xx_hal.c.obj
 .debug_macro   0x00014f9b      0x196 cmake/stm32cubemx/CMakeFiles/STM32_Drivers.dir/__/__/Drivers/STM32F1xx_HAL_Driver/Src/stm32f1xx_hal_rcc.c.obj
 .debug_macro   0x00015131      0x184 cmake/stm32cubemx/CMakeFiles/STM32_Drivers.dir/__/__/Drivers/STM32F1xx_HAL_Driver/Src/stm32f1xx_hal_cortex.c.obj
 .debug_macro   0x000152b5      0x19c CMakeFiles/test02.dir/Core/Src/main.c.obj
 .debug_macro   0x00015451      0x198 CMakeFiles/test02.dir/Core/Src/gpio.c.obj
 .debug_macro   0x000155e9      0x198 CMakeFiles/test02.dir/Core/Src/stm32f1xx_it.c.obj
 .debug_macro   0x00015781      0x18e CMakeFiles/test02.dir/Core/Src/stm32f1xx_hal_msp.c.obj

.debug_line_str
                0x00000000       0x42
 .debug_line_str
                0x00000000       0x42 CMakeFiles/test02.dir/startup_stm32f103xb.s.obj
